bcg_armour\data\backpacks\jetpack\reference packs\sabor.png
bcg_armour\data\backpacks\jetpack\reference packs\syla.png
bcg_armour\data\backpacks\medic backpack\tke_alicepackucnm_co.png
bcg_armour\data\backpacks\radio pack\tke_radiopack_co.png
bcg_armour\data\backpacks\z6\pack_co.png
bcg_armour\data\backpacks\z6rto\pack_co.png
bcg_armour\data\helmets\avenger\camo1_co.png
bcg_armour\data\helmets\avenger\camo2_co.png
bcg_armour\data\helmets\wren\bcg_wren_gray_blk.png
bcg_armour\data\helmets\wren\bcg_wren_gray_des.png
bcg_armour\data\helmets\wren\bcg_wren_gray_sno.png
bcg_armour\data\helmets\wren\bcg_wren_gray_wdl.png
bcg_armour\data\helmets\wren\camo1_co.png
bcg_armour\data\helmets\wren\camo2_co.png
bcg_armour\data\uniforms\base\camo1light_co.png
bcg_armour\data\uniforms\base\camo2light_co.png
bcg_armour\data\uniforms\dalverd\bcg_dalverd_gray_blk.png
bcg_armour\data\uniforms\dalverd\bcg_dalverd_gray_blk2.png
bcg_armour\data\uniforms\dalverd\bcg_dalverd_gray_des.png
bcg_armour\data\uniforms\dalverd\bcg_dalverd_gray_des2.png
bcg_armour\data\uniforms\dalverd\bcg_dalverd_gray_sno.png
bcg_armour\data\uniforms\dalverd\bcg_dalverd_gray_sno2.png
bcg_armour\data\uniforms\dalverd\bcg_dalverd_gray_wdl.png
bcg_armour\data\uniforms\dalverd\bcg_dalverd_gray_wdl2.png
bcg_armour\data\uniforms\dalverd\camo1_co.png
bcg_armour\data\uniforms\dalverd\camo2_co.png
bcg_armour\data\uniforms\dalverd\camo3_co.png
bcg_armour\data\uniforms\neiferheavy\armor\camo2_co.png
bcg_armour\data\uniforms\neiferheavy\references\festive.png
bcg_armour\data\uniforms\neiferheavy\references\festive2.png
bcg_armour\data\uniforms\neiferheavy\references\jaro.png
bcg_armour\data\uniforms\neiferheavy\references\jaro2.png
bcg_armour\data\uniforms\neiferheavy\references\rakalor.png
bcg_armour\data\uniforms\neiferheavy\references\rakalor2.png
bcg_armour\data\uniforms\neiferheavy\references\solid.png
bcg_armour\data\uniforms\neiferheavy\references\solid2.png
bcg_armour\data\uniforms\neiferheavy\references\solidvest.png
bcg_armour\data\vests\battle\camo1_co.png
bcg_armour\data\vests\battle\camo2_co.png
bcg_armour\data\vests\forge\camo1_co.png
bcg_armour\data\vests\forge\camo2_co.png
bcg_armour\data\vests\medium\camo1_co.png
bcg_armour\data\vests\medium\camo2_co.png
